# Bake Begins!
### (1 of 6) Copy sources
$ cp -a /home/travis/build/fontdirectory/nothingyoucoulddo/DESCRIPTION.en_us.html /home/travis/build/fontdirectory/nothingyoucoulddo/builds/build
$ cp -a NothingYouCouldDo.ttf.ttx src/NothingYouCouldDo.otf.ttx src/NothingYouCouldDo-TTF.sfd NothingYouCouldDo.ttf._h_e_a_d.ttx NothingYouCouldDo.ttf.O_S_2f_2.ttx NothingYouCouldDo.ttf._c_m_a_p.ttx NothingYouCouldDo.ttf._h_m_t_x.ttx NothingYouCouldDo.ttf._p_r_e_p.ttx NothingYouCouldDo.ttf._g_a_s_p.ttx NothingYouCouldDo.ttf.GlyphOrder.ttx NothingYouCouldDo.ttf._g_l_y_f.ttx NothingYouCouldDo.ttf._p_o_s_t.ttx NothingYouCouldDo.ttf._m_a_x_p.ttx NothingYouCouldDo.ttf.D_S_I_G_.ttx NothingYouCouldDo.ttf.G_D_E_F_.ttx NothingYouCouldDo.ttf._l_o_c_a.ttx NothingYouCouldDo.ttf._n_a_m_e.ttx NothingYouCouldDo.ttf.F_F_T_M_.ttx NothingYouCouldDo.ttf._h_h_e_a.ttx src/NothingYouCouldDo.otf._p_o_s_t.ttx src/NothingYouCouldDo.otf._n_a_m_e.ttx src/NothingYouCouldDo.otf._c_m_a_p.ttx src/NothingYouCouldDo.otf._h_h_e_a.ttx src/NothingYouCouldDo.otf._h_m_t_x.ttx src/NothingYouCouldDo.otf.O_S_2f_2.ttx src/NothingYouCouldDo.otf._h_e_a_d.ttx src/NothingYouCouldDo.otf.GlyphOrder.ttx src/NothingYouCouldDo.otf._m_a_x_p.ttx src/NothingYouCouldDo.otf.C_F_F_.ttx /home/travis/build/fontdirectory/nothingyoucoulddo/builds/build/sources
$ cp -a /home/travis/build/fontdirectory/nothingyoucoulddo/METADATA.json /home/travis/build/fontdirectory/nothingyoucoulddo/builds/build
### (2 of 6) pyfontaine
### (3 of 6) Run upstream tests
$ fontbakery-check.py upstream-repo sources
$ fontaine --collections subsets --text /home/travis/build/fontdirectory/nothingyoucoulddo/builds/build/sources/NothingYouCouldDo.ttf.ttx /home/travis/build/fontdirectory/nothingyoucoulddo/builds/build/sources/NothingYouCouldDo.otf.ttx /home/travis/build/fontdirectory/nothingyoucoulddo/builds/build/sources/NothingYouCouldDo-TTF.sfd > fontaine.txt
bakery_lint.tests.upstream.test_diacritic.TestDiacritic.test_diacritic_made_as_component(): OK
bakery_lint.tests.upstream.test_diacritic.TestDiacritic.test_diacritic_made_as_mark_to_mark(): OK
bakery_lint.tests.upstream.test_diacritic.TestDiacritic.test_diacritic_made_as_own_glyphs(): OK
bakery_lint.tests.upstream.test_check_upstream_sources.ProjectUpstreamTestCase.test_bakery_yaml_exists(): OK
bakery_lint.tests.upstream.test_check_upstream_sources.ProjectUpstreamTestCase.test_copyright_notices_same_across_family(): OK
bakery_lint.tests.upstream.test_check_upstream_sources.ProjectUpstreamTestCase.test_description_html_exists(): OK
bakery_lint.tests.upstream.test_check_upstream_sources.ProjectUpstreamTestCase.test_fontlog_txt_exists(): FAIL
bakery_lint.tests.upstream.test_check_upstream_sources.ProjectUpstreamTestCase.test_metadata_json_exists(): OK
WARNING: Please install [PyICU](https://pypi.python.org/pypi/PyICU) toenable [feature], perhaps with: pip install pyicu
pyfontaine error: Not a TrueType or OpenType font (bad sfntVersion)
pyfontaine process has been failed
bakery_lint.tests.upstream.test_prepolation.FontTestPrepolation.test_font_prepolation_glyph_contours(): OK
bakery_lint.tests.upstream.test_prepolation.FontTestPrepolation.test_font_prepolation_glyph_points(): OK
bakery_lint.tests.upstream.test_prepolation.FontTestPrepolation.test_font_test_prepolation_glyph_names(): OK
$ fontbakery-check.py upstream-ttx NothingYouCouldDo.ttf.ttx
bakery_lint.tests.upstream.test_check_ttx_fontfamily_recommendations.TTX_FontFamilyNamingTest.test_ttx_family_naming_recommendation(): OK
bakery_lint.tests.upstream.test_check_ttx_requirements.SourceTTXTest.test_epar_in_keys(): FAIL
bakery_lint.tests.upstream.test_check_ttx_requirements.SourceTTXTest.test_os2_in_keys(): OK
bakery_lint.tests.upstream.test_check_ttx_requirements.SourceTTXTest.test_ttx_doesnt_contain_duplicate_glyphs(): OK
bakery_lint.tests.upstream.test_glyphname_does_not_contain_disallowed_chars.TestGlyphNameDoesNotContainsDisallowedChars.test_glyphname_does_not_contain_disallowed_chars(): FAIL
bakery_lint.tests.upstream.test_font_filename_eq_familystyle.TestTTFSourceFontFileNameEqualsFamilyStyle.test_source_ttf_font_filename_equals_familystyle(): FAIL
$ mv /home/travis/build/fontdirectory/nothingyoucoulddo/builds/build/sources/NothingYouCouldDo.ttf.ttx /home/travis/build/fontdirectory/nothingyoucoulddo/builds/build/sources/NothingYouCouldDo-Regular.ttx
bakery_lint.tests.upstream.test_font_filename_eq_familystyle.TestTTFSourceFontFileNameEqualsFamilyStyle.test_source_ttf_font_filename_equals_familystyle(): OK
$ fontbakery-check.py upstream-ttx NothingYouCouldDo.otf.ttx
bakery_lint.tests.upstream.test_check_ttx_fontfamily_recommendations.TTX_FontFamilyNamingTest.test_ttx_family_naming_recommendation(): OK
bakery_lint.tests.upstream.test_check_ttx_requirements.SourceTTXTest.test_epar_in_keys(): FAIL
bakery_lint.tests.upstream.test_check_ttx_requirements.SourceTTXTest.test_os2_in_keys(): OK
bakery_lint.tests.upstream.test_check_ttx_requirements.SourceTTXTest.test_ttx_doesnt_contain_duplicate_glyphs(): OK
bakery_lint.tests.upstream.test_glyphname_does_not_contain_disallowed_chars.TestGlyphNameDoesNotContainsDisallowedChars.test_glyphname_does_not_contain_disallowed_chars(): FAIL
bakery_lint.tests.upstream.test_font_filename_eq_familystyle.TestTTFSourceFontFileNameEqualsFamilyStyle.test_source_ttf_font_filename_equals_familystyle(): FAIL
$ mv /home/travis/build/fontdirectory/nothingyoucoulddo/builds/build/sources/NothingYouCouldDo.otf.ttx /home/travis/build/fontdirectory/nothingyoucoulddo/builds/build/sources/NothingYouCouldDo-Regular.ttx
bakery_lint.tests.upstream.test_font_filename_eq_familystyle.TestTTFSourceFontFileNameEqualsFamilyStyle.test_source_ttf_font_filename_equals_familystyle(): OK
$ fontbakery-check.py upstream NothingYouCouldDo-TTF.sfd
bakery_lint.tests.upstream.test_font_filename_eq_familystyle.TestTTFSourceFontFileNameEqualsFamilyStyle.test_source_ttf_font_filename_equals_familystyle(): ERROR
bakery_lint.tests.upstream.test_contour_count.TestContourCount.test_contour_count(): ERROR
bakery_lint.tests.upstream.test_check_ufo_requirements.UfoOpenTest.test_has_rupee(): ERROR
bakery_lint.tests.upstream.test_check_ufo_requirements.UfoOpenTest.test_is_A(): ERROR
bakery_lint.tests.upstream.test_check_ufo_requirements.UfoOpenTest.test_is_A_a_glyph_instance(): ERROR
bakery_lint.tests.upstream.test_check_ufo_requirements.UfoOpenTest.test_is_ended_ufo(): ERROR
bakery_lint.tests.upstream.test_check_ufo_requirements.UfoOpenTest.test_is_folder(): ERROR
bakery_lint.tests.upstream.test_check_ufo_requirements.UfoOpenTest.test_is_fsType_eq_1(): ERROR
bakery_lint.tests.upstream.test_check_ufo_requirements.UfoOpenTest.test_it_exists(): ERROR
bakery_lint.tests.upstream.test_check_ufo_fontfamily_recommendations.TestUFOFontFamilyNamingTest.test_familyname_less_than_32_chars(): OK
bakery_lint.tests.upstream.test_check_ufo_fontfamily_recommendations.TestUFOFontFamilyNamingTest.test_fullfontname_less_than_64_chars(): OK
bakery_lint.tests.upstream.test_check_ufo_fontfamily_recommendations.TestUFOFontFamilyNamingTest.test_postscriptname_consistof_allowed_chars(): OK
bakery_lint.tests.upstream.test_check_ufo_fontfamily_recommendations.TestUFOFontFamilyNamingTest.test_postscriptname_less_than_30_chars(): OK
bakery_lint.tests.upstream.test_check_ufo_fontfamily_recommendations.TestUFOFontFamilyNamingTest.test_stylename_less_than_32_chars(): OK
bakery_lint.tests.upstream.test_check_ufo_fontfamily_recommendations.TestUFOFontFamilyNamingTest.test_weight_value_range_between_250_and_900(): OK
bakery_lint.tests.upstream.test_unicode_value_should_appear_only_once_per_font.UnicodeValueShouldAppearOnlyOnce.testUnicodeValue(): ERROR
### (4 of 6) Convert sources to TTF
$ ttx -d /home/travis/build/fontdirectory/nothingyoucoulddo/builds/build /home/travis/build/fontdirectory/nothingyoucoulddo/builds/build/sources/NothingYouCouldDo-Regular.ttx
$ fontbakery-build-font2ttf.py sources/NothingYouCouldDo-Regular.otf NothingYouCouldDo-Regular.ttf
Warning: Mac and Windows entries in the 'name' table differ for the
 Fullname string in the language English (US)
 Mac String: Nothing You Could Do
Windows String: NothingYouCouldDo
Lslash's SEAC-like endchar operator is depreciated for Type2
Zcaron's SEAC-like endchar operator is depreciated for Type2
Scaron's SEAC-like endchar operator is depreciated for Type2
scaron's SEAC-like endchar operator is depreciated for Type2
Ydieresis's SEAC-like endchar operator is depreciated for Type2
Agrave's SEAC-like endchar operator is depreciated for Type2
Acircumflex's SEAC-like endchar operator is depreciated for Type2
Adieresis's SEAC-like endchar operator is depreciated for Type2
Ccedilla's SEAC-like endchar operator is depreciated for Type2
Egrave's SEAC-like endchar operator is depreciated for Type2
Ecircumflex's SEAC-like endchar operator is depreciated for Type2
Igrave's SEAC-like endchar operator is depreciated for Type2
Icircumflex's SEAC-like endchar operator is depreciated for Type2
Ntilde's SEAC-like endchar operator is depreciated for Type2
Ograve's SEAC-like endchar operator is depreciated for Type2
Ocircumflex's SEAC-like endchar operator is depreciated for Type2
Odieresis's SEAC-like endchar operator is depreciated for Type2
Ugrave's SEAC-like endchar operator is depreciated for Type2
Ucircumflex's SEAC-like endchar operator is depreciated for Type2
Yacute's SEAC-like endchar operator is depreciated for Type2
agrave's SEAC-like endchar operator is depreciated for Type2
acircumflex's SEAC-like endchar operator is depreciated for Type2
adieresis's SEAC-like endchar operator is depreciated for Type2
ccedilla's SEAC-like endchar operator is depreciated for Type2
egrave's SEAC-like endchar operator is depreciated for Type2
ecircumflex's SEAC-like endchar operator is depreciated for Type2
ntilde's SEAC-like endchar operator is depreciated for Type2
ograve's SEAC-like endchar operator is depreciated for Type2
ocircumflex's SEAC-like endchar operator is depreciated for Type2
odieresis's SEAC-like endchar operator is depreciated for Type2
ugrave's SEAC-like endchar operator is depreciated for Type2
ucircumflex's SEAC-like endchar operator is depreciated for Type2
yacute's SEAC-like endchar operator is depreciated for Type2
Tcaron's SEAC-like endchar operator is depreciated for Type2
Zacute's SEAC-like endchar operator is depreciated for Type2
zacute's SEAC-like endchar operator is depreciated for Type2
Abreve's SEAC-like endchar operator is depreciated for Type2
Lacute's SEAC-like endchar operator is depreciated for Type2
Ecaron's SEAC-like endchar operator is depreciated for Type2
Nacute's SEAC-like endchar operator is depreciated for Type2
Ohungarumlaut's SEAC-like endchar operator is depreciated for Type2
Rcaron's SEAC-like endchar operator is depreciated for Type2
Uring's SEAC-like endchar operator is depreciated for Type2
racute's SEAC-like endchar operator is depreciated for Type2
abreve's SEAC-like endchar operator is depreciated for Type2
lacute's SEAC-like endchar operator is depreciated for Type2
ecaron's SEAC-like endchar operator is depreciated for Type2
nacute's SEAC-like endchar operator is depreciated for Type2
ohungarumlaut's SEAC-like endchar operator is depreciated for Type2
rcaron's SEAC-like endchar operator is depreciated for Type2
uring's SEAC-like endchar operator is depreciated for Type2
Scircumflex's SEAC-like endchar operator is depreciated for Type2
gbreve's SEAC-like endchar operator is depreciated for Type2
Gdotaccent's SEAC-like endchar operator is depreciated for Type2
Ubreve's SEAC-like endchar operator is depreciated for Type2
scedilla's SEAC-like endchar operator is depreciated for Type2
hcircumflex's SEAC-like endchar operator is depreciated for Type2
Scedilla's SEAC-like endchar operator is depreciated for Type2
Gbreve's SEAC-like endchar operator is depreciated for Type2
Jcircumflex's SEAC-like endchar operator is depreciated for Type2
Idotaccent's SEAC-like endchar operator is depreciated for Type2
gdotaccent's SEAC-like endchar operator is depreciated for Type2
ubreve's SEAC-like endchar operator is depreciated for Type2
scircumflex's SEAC-like endchar operator is depreciated for Type2
utilde's SEAC-like endchar operator is depreciated for Type2
edotaccent's SEAC-like endchar operator is depreciated for Type2
Itilde's SEAC-like endchar operator is depreciated for Type2
Wdieresis's SEAC-like endchar operator is depreciated for Type2
Wgrave's SEAC-like endchar operator is depreciated for Type2
uni1E0A's SEAC-like endchar operator is depreciated for Type2
uni1E02's SEAC-like endchar operator is depreciated for Type2
Ygrave's SEAC-like endchar operator is depreciated for Type2
uni1E1E's SEAC-like endchar operator is depreciated for Type2
uni1E40's SEAC-like endchar operator is depreciated for Type2
uni1E56's SEAC-like endchar operator is depreciated for Type2
wgrave's SEAC-like endchar operator is depreciated for Type2
uni1E57's SEAC-like endchar operator is depreciated for Type2
wacute's SEAC-like endchar operator is depreciated for Type2
uni1E60's SEAC-like endchar operator is depreciated for Type2
ygrave's SEAC-like endchar operator is depreciated for Type2
wdieresis's SEAC-like endchar operator is depreciated for Type2
uni1E61's SEAC-like endchar operator is depreciated for Type2
Wcircumflex's SEAC-like endchar operator is depreciated for Type2
uni1E6A's SEAC-like endchar operator is depreciated for Type2
wcircumflex's SEAC-like endchar operator is depreciated for Type2
uni1E6B's SEAC-like endchar operator is depreciated for Type2
ycircumflex's SEAC-like endchar operator is depreciated for Type2
Success: Generated OpenType-TTF (/home/travis/build/fontdirectory/nothingyoucoulddo/builds/build/NothingYouCouldDo-Regular.ttf)
strippedname:/home/travis/build/fontdirectory/nothingyoucoulddo/builds/build/sources/NothingYouCouldDo-TTF.sfd
Compiling "/home/travis/build/fontdirectory/nothingyoucoulddo/builds/build/sources/NothingYouCouldDo-Regular.ttx" to "/home/travis/build/fontdirectory/nothingyoucoulddo/builds/build/NothingYouCouldDo-Regular.otf"...
Parsing 'GlyphOrder' table...
Parsing 'head' table...
Parsing 'hhea' table...
Parsing 'maxp' table...
Parsing 'OS/2' table...
Parsing 'name' table...
Parsing 'cmap' table...
Parsing 'post' table...
Parsing 'CFF ' table...
Parsing 'hmtx' table...
strippedname:/home/travis/build/fontdirectory/nothingyoucoulddo/builds/build/NothingYouCouldDo-Regular.otf
### Test NothingYouCouldDo-Regular.ttf
$ fontbakery-check.py result NothingYouCouldDo-Regular.ttf
bakery_lint.tests.downstream.test_check_names_same_across_platforms.CheckNamesSameAcrossPlatforms.test_check_names_same_across_platforms(): OK
bakery_lint.tests.downstream.test_check_unencoded_glyph.TestFontUnencodedGlyph.test_font_unencoded_glyphs(): FAIL
$ fontbakery-fix-glyph-private-encoding.py --autofix /home/travis/build/fontdirectory/nothingyoucoulddo/builds/build/NothingYouCouldDo-Regular.ttf
$ mv /home/travis/build/fontdirectory/nothingyoucoulddo/builds/build/NothingYouCouldDo-Regular.ttf.fix /home/travis/build/fontdirectory/nothingyoucoulddo/builds/build/NothingYouCouldDo-Regular.ttf
bakery_lint.tests.downstream.test_check_unencoded_glyph.TestFontUnencodedGlyph.test_font_unencoded_glyphs(): FAIL
bakery_lint.tests.downstream.test_check_magic_prep_code.CheckMagicPREPByteCode.test_prep_magic_code(): FAIL
bakery_lint.tests.downstream.test_check_no_problematic_formats.CheckNoProblematicFormats.test_check_no_problematic_formats(): OK
bakery_lint.tests.downstream.test_check_vertical_metrics.CheckVerticalLinegapMetrics.test_metrics_linegaps_are_zero(): OK
bakery_lint.tests.downstream.test_check_vertical_metrics.CheckVerticalAscentMetrics.test_metrics_ascents_equal_bbox(): FAIL
$ fontbakery-fix-vertical-metrics.py --autofix /home/travis/build/fontdirectory/nothingyoucoulddo/builds/build/NothingYouCouldDo-Regular.ttf
$ mv /home/travis/build/fontdirectory/nothingyoucoulddo/builds/build/NothingYouCouldDo-Regular.ttf.fix /home/travis/build/fontdirectory/nothingyoucoulddo/builds/build/NothingYouCouldDo-Regular.ttf
$ fontbakery-fix-vertical-metrics.py /home/travis/build/fontdirectory/nothingyoucoulddo/builds/build/NothingYouCouldDo-Regular.ttf
Parameter              NothingYouCouldDo-Regular.ttf    
ymax                   946                              
hhea.ascent            946                              
OS/2.sTypoAscender     946                              
OS/2.usWinAscent       946                              
ymin                   -407                             
hhea.descent           -407                             
OS/2.sTypoDescender    -407                             
OS/2.usWinDescent      407                              
hhea.lineGap           0                                
OS/2.sTypoLineGap      0                                
hhea total             1353                             
typo total             1353                             
win total              1353                             
UPM:Heights            1024:1353                        
UPM:Heights %          132 %                            


bakery_lint.tests.downstream.test_check_vertical_metrics.CheckVerticalAscentMetrics.test_metrics_ascents_equal_bbox(): OK
bakery_lint.tests.downstream.test_check_vertical_metrics.CheckVerticalDescentMetrics.test_metrics_descents_equal_bbox(): OK
bakery_lint.tests.downstream.test_names_are_ascii_only.CheckNamesAreASCIIOnly.test_check_names_are_ascii_only(): OK
bakery_lint.tests.downstream.test_check_license_included.CheckLicenseIncluded.test_license_included_in_font_names(): OK
bakery_lint.tests.downstream.test_check_name_table_recommendation.CheckStyleNameRecommendation.test_check_stylename_is_under_recommendations(): OK
bakery_lint.tests.downstream.test_check_name_table_recommendation.CheckOTFamilyNameRecommendation.test_check_opentype_familyname(): FAIL
$ fontbakery-fix-opentype-names.py /home/travis/build/fontdirectory/nothingyoucoulddo/builds/build/NothingYouCouldDo-Regular.ttf
$ mv /home/travis/build/fontdirectory/nothingyoucoulddo/builds/build/NothingYouCouldDo-Regular.ttf.fix /home/travis/build/fontdirectory/nothingyoucoulddo/builds/build/NothingYouCouldDo-Regular.ttf
bakery_lint.tests.downstream.test_check_name_table_recommendation.CheckOTFamilyNameRecommendation.test_check_opentype_familyname(): OK
bakery_lint.tests.downstream.test_check_name_table_recommendation.CheckOTStyleNameRecommendation.test_check_opentype_stylename(): OK
bakery_lint.tests.downstream.test_check_name_table_recommendation.CheckOTFullNameRecommendation.test_check_opentype_fullname(): OK
bakery_lint.tests.downstream.test_check_upm_heights_less_120.TestCheckUPMHeightsLess120.test_check_upm_heigths_less_120(): FAIL
The following table(s) in the font have been ignored by FontForge
  Ignoring 'DSIG' digital signature table
bakery_lint.tests.downstream.test_fontforge_validation_state.FontForgeValidateStateTest.test_allowed_numbers_paths_in_composite_glyphs(): OK
bakery_lint.tests.downstream.test_fontforge_validation_state.FontForgeValidateStateTest.test_allowed_numbers_paths_in_glyphs(): OK
bakery_lint.tests.downstream.test_fontforge_validation_state.FontForgeValidateStateTest.test_allowed_numbers_points_in_composite_glyphs(): OK
bakery_lint.tests.downstream.test_fontforge_validation_state.FontForgeValidateStateTest.test_allowed_numbers_points_in_glyphs(): OK
bakery_lint.tests.downstream.test_fontforge_validation_state.FontForgeValidateStateTest.test_duplicate_glyphs(): OK
bakery_lint.tests.downstream.test_fontforge_validation_state.FontForgeValidateStateTest.test_duplicate_unicode_codepoints(): OK
bakery_lint.tests.downstream.test_fontforge_validation_state.FontForgeValidateStateTest.test_flipped_reference_in_glyphs(): OK
bakery_lint.tests.downstream.test_fontforge_validation_state.FontForgeValidateStateTest.test_missing_anchors(): OK
bakery_lint.tests.downstream.test_fontforge_validation_state.FontForgeValidateStateTest.test_missing_extrema_in_glyphs(): FAIL
bakery_lint.tests.downstream.test_fontforge_validation_state.FontForgeValidateStateTest.test_overlapped_hints(): OK
bakery_lint.tests.downstream.test_fontforge_validation_state.FontForgeValidateStateTest.test_points_are_integer_aligned(): OK
bakery_lint.tests.downstream.test_fontforge_validation_state.FontForgeValidateStateTest.test_points_are_not_too_far_apart(): OK
bakery_lint.tests.downstream.test_fontforge_validation_state.FontForgeValidateStateTest.test_postscript_hasnt_limit_hints_in_glyphs(): OK
bakery_lint.tests.downstream.test_fontforge_validation_state.FontForgeValidateStateTest.test_postscript_hasnt_limit_points_in_glyphs(): OK
bakery_lint.tests.downstream.test_fontforge_validation_state.FontForgeValidateStateTest.test_referenced_glyphs_are_present(): OK
bakery_lint.tests.downstream.test_fontforge_validation_state.FontForgeValidateStateTest.test_valid_glyph_names(): OK
bakery_lint.tests.downstream.test_fontforge_validation_state.FontForgeValidateStateTest.test_valid_length_instructions(): OK
bakery_lint.tests.downstream.test_fontforge_validation_state.FontForgeValidateStateTest.test_validation_glyph_intersect(): FAIL
bakery_lint.tests.downstream.test_fontforge_validation_state.FontForgeValidateStateTest.test_validation_open_contours(): OK
bakery_lint.tests.downstream.test_fontforge_validation_state.FontForgeValidateStateTest.test_wrong_direction_in_glyphs(): FAIL
bakery_lint.tests.downstream.test_check_full_font_name_begins_with_family_name.CheckFullFontNameBeginsWithFamilyName.test_check_full_font_name_begins_with_family_name(): FAIL
bakery_lint.tests.downstream.test_check_unused_glyph_data.CheckUnusedGlyphData.test_check_unused_glyph_data(): ERROR
bakery_lint.tests.downstream.test_check_italic_angle_agreement.CheckItalicAngleAgreement.test_check_italic_angle_agreement(): OK
bakery_lint.tests.downstream.test_check_glyf_table_length.CheckGlyfTableLength.test_check_glyf_table_length(): FAIL
bakery_lint.tests.downstream.test_check_panose_identification.CheckPanoseIdentification.test_check_panose_identification(): OK
bakery_lint.tests.downstream.test_check_font_tables.CheckFontHasDsigTable.test_check_font_has_dsig_table(): OK
bakery_lint.tests.downstream.test_check_font_tables.CheckFontHasNotKernTable.test_no_kern_table_exists(): OK
bakery_lint.tests.downstream.test_check_glyph_existence.CheckGlyphExistence.test_euro(): OK
bakery_lint.tests.downstream.test_check_glyph_existence.CheckGlyphExistence.test_nbsp(): FAIL
bakery_lint.tests.downstream.test_check_glyph_existence.CheckGlyphExistence.test_space(): OK
bakery_lint.tests.downstream.test_gpos_table_has_kerning_info.CheckGposTableHasKerningInfo.test_gpos_table_has_kerning_info(): FAIL
bakery_lint.tests.downstream.test_gasp_table_value.CheckGaspTableType.test_check_gasp_table_type(): FAIL
$ fontbakery-fix-gasp.py --set=15 /home/travis/build/fontdirectory/nothingyoucoulddo/builds/build/NothingYouCouldDo-Regular.ttf
$ mv /home/travis/build/fontdirectory/nothingyoucoulddo/builds/build/NothingYouCouldDo-Regular.ttf.fix /home/travis/build/fontdirectory/nothingyoucoulddo/builds/build/NothingYouCouldDo-Regular.ttf
bakery_lint.tests.downstream.test_gasp_table_value.CheckGaspTableType.test_check_gasp_table_type(): OK
$ fontbakery-fix-gasp.py --set=15 /home/travis/build/fontdirectory/nothingyoucoulddo/builds/build/NothingYouCouldDo-Regular.ttf
$ mv /home/travis/build/fontdirectory/nothingyoucoulddo/builds/build/NothingYouCouldDo-Regular.ttf.fix /home/travis/build/fontdirectory/nothingyoucoulddo/builds/build/NothingYouCouldDo-Regular.ttf
bakery_lint.tests.downstream.test_check_fontname_matches_macstyle.CheckFontNameEqualToMacStyleFlags.test_fontname_is_equal_to_macstyle(): FAIL
bakery_lint.tests.downstream.test_check_font_agreements.CheckFsTypeIsNotSet.test_is_fstype_not_set(): OK
$ fontbakery-fix-fstype.py --autofix /home/travis/build/fontdirectory/nothingyoucoulddo/builds/build/NothingYouCouldDo-Regular.ttf
$ mv /home/travis/build/fontdirectory/nothingyoucoulddo/builds/build/NothingYouCouldDo-Regular.ttf.fix /home/travis/build/fontdirectory/nothingyoucoulddo/builds/build/NothingYouCouldDo-Regular.ttf
bakery_lint.tests.downstream.test_check_font_agreements.CheckFontAgreements.test_em_is_1000(): FAIL
bakery_lint.tests.downstream.test_check_font_agreements.CheckFontAgreements.test_font_is_font(): OK
bakery_lint.tests.downstream.test_check_font_agreements.CheckFontAgreements.test_latin_file_exists(): FAIL
bakery_lint.tests.downstream.test_check_font_agreements.CheckFontAgreements.test_menu_file_exists(): FAIL
bakery_lint.tests.downstream.test_check_nbsp_width_matches_sp_width.CheckNbspWidthMatchesSpWidth.test_check_nbsp_width_matches_sp_width(): FAIL
$ fontbakery-fix-nbsp.py /home/travis/build/fontdirectory/nothingyoucoulddo/builds/build/NothingYouCouldDo-Regular.ttf
$ mv /home/travis/build/fontdirectory/nothingyoucoulddo/builds/build/NothingYouCouldDo-Regular.ttf.fix /home/travis/build/fontdirectory/nothingyoucoulddo/builds/build/NothingYouCouldDo-Regular.ttf
bakery_lint.tests.downstream.test_check_nbsp_width_matches_sp_width.CheckNbspWidthMatchesSpWidth.test_check_nbsp_width_matches_sp_width(): FAIL
bakery_lint.tests.downstream.test_check_hmtx_hhea_max_advance_width_agreement.CheckHmtxHheaMaxAdvanceWidthAgreement.test_check_hmtx_hhea_max_advance_width_agreement(): OK
bakery_lint.tests.downstream.test_check_os2_width_class.CheckOS2WidthClass.test_check_os2_width_class(): OK
### Optimize TTF NothingYouCouldDo-Regular.ttf
$ ls -l 'NothingYouCouldDo-Regular.ttf'* # look at the size savings of that subset process
NothingYouCouldDo-Regular.ttf.opt: 36336 bytes
NothingYouCouldDo-Regular.ttf: 39120 bytes
$ mv /home/travis/build/fontdirectory/nothingyoucoulddo/builds/build/NothingYouCouldDo-Regular.ttf.opt /home/travis/build/fontdirectory/nothingyoucoulddo/builds/build/NothingYouCouldDo-Regular.ttf
### Autohint TTFs (ttfautohint) NothingYouCouldDo-Regular.ttf
$ ttfautohint -l 7 -r 28 -G 50 -x 13 -w "G" /home/travis/build/fontdirectory/nothingyoucoulddo/builds/build/NothingYouCouldDo-Regular.ttf '/home/travis/build/fontdirectory/nothingyoucoulddo/builds/build/NothingYouCouldDo-Regular.autohint.ttf'

$ ls -l /home/travis/build/fontdirectory/nothingyoucoulddo/builds/build/NothingYouCouldDo-Regular.*ttf # look at the size savings of that subset process
/home/travis/build/fontdirectory/nothingyoucoulddo/builds/build/NothingYouCouldDo-Regular.ttf: 36336 bytes
/home/travis/build/fontdirectory/nothingyoucoulddo/builds/build/NothingYouCouldDo-Regular.autohint.ttf: 46484 bytes
$ mv /home/travis/build/fontdirectory/nothingyoucoulddo/builds/build/NothingYouCouldDo-Regular.autohint.ttf /home/travis/build/fontdirectory/nothingyoucoulddo/builds/build/NothingYouCouldDo-Regular.ttf
### Subset TTFs (pyftsubset) NothingYouCouldDo-Regular.ttf
$ pyftsubset NothingYouCouldDo-Regular.latin
$ pyftsubset NothingYouCouldDo-Regular.menu
strippedname:/home/travis/build/fontdirectory/nothingyoucoulddo/builds/build/NothingYouCouldDo-Regular.ttf
No nbsp glyph
spaceWidth is    538
nbspWidth is     0
NothingYouCouldDo-Regular.ttf.fix made with spaceWidth and nbspWidth of 538
$ fontbakery-build-font2ttf.py sources/NothingYouCouldDo-TTF.sfd NothingYouCouldDo-TTF.ttf
Success: Generated OpenType-TTF (/home/travis/build/fontdirectory/nothingyoucoulddo/builds/build/NothingYouCouldDo-TTF.ttf)
### Test NothingYouCouldDo-TTF.ttf
$ fontbakery-check.py result NothingYouCouldDo-TTF.ttf
bakery_lint.tests.downstream.test_check_names_same_across_platforms.CheckNamesSameAcrossPlatforms.test_check_names_same_across_platforms(): OK
bakery_lint.tests.downstream.test_check_unencoded_glyph.TestFontUnencodedGlyph.test_font_unencoded_glyphs(): FAIL
$ fontbakery-fix-glyph-private-encoding.py --autofix /home/travis/build/fontdirectory/nothingyoucoulddo/builds/build/NothingYouCouldDo-TTF.ttf
$ mv /home/travis/build/fontdirectory/nothingyoucoulddo/builds/build/NothingYouCouldDo-TTF.ttf.fix /home/travis/build/fontdirectory/nothingyoucoulddo/builds/build/NothingYouCouldDo-TTF.ttf
bakery_lint.tests.downstream.test_check_unencoded_glyph.TestFontUnencodedGlyph.test_font_unencoded_glyphs(): FAIL
bakery_lint.tests.downstream.test_check_magic_prep_code.CheckMagicPREPByteCode.test_prep_magic_code(): OK
bakery_lint.tests.downstream.test_check_no_problematic_formats.CheckNoProblematicFormats.test_check_no_problematic_formats(): OK
bakery_lint.tests.downstream.test_check_vertical_metrics.CheckVerticalLinegapMetrics.test_metrics_linegaps_are_zero(): OK
bakery_lint.tests.downstream.test_check_vertical_metrics.CheckVerticalAscentMetrics.test_metrics_ascents_equal_bbox(): FAIL
$ fontbakery-fix-vertical-metrics.py --autofix /home/travis/build/fontdirectory/nothingyoucoulddo/builds/build/NothingYouCouldDo-TTF.ttf /home/travis/build/fontdirectory/nothingyoucoulddo/builds/build/NothingYouCouldDo-Regular.ttf
$ mv /home/travis/build/fontdirectory/nothingyoucoulddo/builds/build/NothingYouCouldDo-TTF.ttf.fix /home/travis/build/fontdirectory/nothingyoucoulddo/builds/build/NothingYouCouldDo-TTF.ttf
$ mv /home/travis/build/fontdirectory/nothingyoucoulddo/builds/build/NothingYouCouldDo-Regular.ttf.fix /home/travis/build/fontdirectory/nothingyoucoulddo/builds/build/NothingYouCouldDo-Regular.ttf
$ fontbakery-fix-vertical-metrics.py /home/travis/build/fontdirectory/nothingyoucoulddo/builds/build/NothingYouCouldDo-TTF.ttf /home/travis/build/fontdirectory/nothingyoucoulddo/builds/build/NothingYouCouldDo-Regular.ttf
Parameter              NothingYouCouldDo-TTF.ttf    NothingYouCouldDo-Regular.ttf    
ymax                   959                          946                              
hhea.ascent            959                          959                              
OS/2.sTypoAscender     959                          959                              
OS/2.usWinAscent       959                          959                              
ymin                   -407                         -407                             
hhea.descent           -407                         -407                             
OS/2.sTypoDescender    -407                         -407                             
OS/2.usWinDescent      407                          407                              
hhea.lineGap           0                            0                                
OS/2.sTypoLineGap      0                            0                                
hhea total             1366                         1366                             
typo total             1366                         1366                             
win total              1366                         1366                             
UPM:Heights            1024:1366                    1024:1353                        
UPM:Heights %          133 %                        132 %                            


bakery_lint.tests.downstream.test_check_vertical_metrics.CheckVerticalAscentMetrics.test_metrics_ascents_equal_bbox(): OK
bakery_lint.tests.downstream.test_check_vertical_metrics.CheckVerticalDescentMetrics.test_metrics_descents_equal_bbox(): OK
bakery_lint.tests.downstream.test_names_are_ascii_only.CheckNamesAreASCIIOnly.test_check_names_are_ascii_only(): OK
bakery_lint.tests.downstream.test_check_license_included.CheckLicenseIncluded.test_license_included_in_font_names(): FAIL
bakery_lint.tests.downstream.test_check_name_table_recommendation.CheckStyleNameRecommendation.test_check_stylename_is_under_recommendations(): OK
bakery_lint.tests.downstream.test_check_name_table_recommendation.CheckOTFamilyNameRecommendation.test_check_opentype_familyname(): FAIL
$ fontbakery-fix-opentype-names.py /home/travis/build/fontdirectory/nothingyoucoulddo/builds/build/NothingYouCouldDo-TTF.ttf
$ mv /home/travis/build/fontdirectory/nothingyoucoulddo/builds/build/NothingYouCouldDo-TTF.ttf.fix /home/travis/build/fontdirectory/nothingyoucoulddo/builds/build/NothingYouCouldDo-TTF.ttf
bakery_lint.tests.downstream.test_check_name_table_recommendation.CheckOTFamilyNameRecommendation.test_check_opentype_familyname(): OK
bakery_lint.tests.downstream.test_check_name_table_recommendation.CheckOTStyleNameRecommendation.test_check_opentype_stylename(): OK
bakery_lint.tests.downstream.test_check_name_table_recommendation.CheckOTFullNameRecommendation.test_check_opentype_fullname(): OK
bakery_lint.tests.downstream.test_check_upm_heights_less_120.TestCheckUPMHeightsLess120.test_check_upm_heigths_less_120(): FAIL
The following table(s) in the font have been ignored by FontForge
  Ignoring 'DSIG' digital signature table
bakery_lint.tests.downstream.test_fontforge_validation_state.FontForgeValidateStateTest.test_allowed_numbers_paths_in_composite_glyphs(): OK
bakery_lint.tests.downstream.test_fontforge_validation_state.FontForgeValidateStateTest.test_allowed_numbers_paths_in_glyphs(): OK
bakery_lint.tests.downstream.test_fontforge_validation_state.FontForgeValidateStateTest.test_allowed_numbers_points_in_composite_glyphs(): OK
bakery_lint.tests.downstream.test_fontforge_validation_state.FontForgeValidateStateTest.test_allowed_numbers_points_in_glyphs(): OK
bakery_lint.tests.downstream.test_fontforge_validation_state.FontForgeValidateStateTest.test_duplicate_glyphs(): OK
bakery_lint.tests.downstream.test_fontforge_validation_state.FontForgeValidateStateTest.test_duplicate_unicode_codepoints(): OK
bakery_lint.tests.downstream.test_fontforge_validation_state.FontForgeValidateStateTest.test_flipped_reference_in_glyphs(): OK
bakery_lint.tests.downstream.test_fontforge_validation_state.FontForgeValidateStateTest.test_missing_anchors(): OK
bakery_lint.tests.downstream.test_fontforge_validation_state.FontForgeValidateStateTest.test_missing_extrema_in_glyphs(): FAIL
bakery_lint.tests.downstream.test_fontforge_validation_state.FontForgeValidateStateTest.test_overlapped_hints(): OK
bakery_lint.tests.downstream.test_fontforge_validation_state.FontForgeValidateStateTest.test_points_are_integer_aligned(): OK
bakery_lint.tests.downstream.test_fontforge_validation_state.FontForgeValidateStateTest.test_points_are_not_too_far_apart(): OK
bakery_lint.tests.downstream.test_fontforge_validation_state.FontForgeValidateStateTest.test_postscript_hasnt_limit_hints_in_glyphs(): OK
bakery_lint.tests.downstream.test_fontforge_validation_state.FontForgeValidateStateTest.test_postscript_hasnt_limit_points_in_glyphs(): OK
bakery_lint.tests.downstream.test_fontforge_validation_state.FontForgeValidateStateTest.test_referenced_glyphs_are_present(): OK
bakery_lint.tests.downstream.test_fontforge_validation_state.FontForgeValidateStateTest.test_valid_glyph_names(): OK
bakery_lint.tests.downstream.test_fontforge_validation_state.FontForgeValidateStateTest.test_valid_length_instructions(): OK
bakery_lint.tests.downstream.test_fontforge_validation_state.FontForgeValidateStateTest.test_validation_glyph_intersect(): FAIL
bakery_lint.tests.downstream.test_fontforge_validation_state.FontForgeValidateStateTest.test_validation_open_contours(): OK
bakery_lint.tests.downstream.test_fontforge_validation_state.FontForgeValidateStateTest.test_wrong_direction_in_glyphs(): OK
bakery_lint.tests.downstream.test_check_full_font_name_begins_with_family_name.CheckFullFontNameBeginsWithFamilyName.test_check_full_font_name_begins_with_family_name(): OK
bakery_lint.tests.downstream.test_check_unused_glyph_data.CheckUnusedGlyphData.test_check_unused_glyph_data(): ERROR
bakery_lint.tests.downstream.test_check_italic_angle_agreement.CheckItalicAngleAgreement.test_check_italic_angle_agreement(): OK
bakery_lint.tests.downstream.test_check_glyf_table_length.CheckGlyfTableLength.test_check_glyf_table_length(): FAIL
bakery_lint.tests.downstream.test_check_panose_identification.CheckPanoseIdentification.test_check_panose_identification(): OK
bakery_lint.tests.downstream.test_check_font_tables.CheckFontHasDsigTable.test_check_font_has_dsig_table(): OK
bakery_lint.tests.downstream.test_check_font_tables.CheckFontHasNotKernTable.test_no_kern_table_exists(): OK
bakery_lint.tests.downstream.test_check_glyph_existence.CheckGlyphExistence.test_euro(): OK
bakery_lint.tests.downstream.test_check_glyph_existence.CheckGlyphExistence.test_nbsp(): OK
bakery_lint.tests.downstream.test_check_glyph_existence.CheckGlyphExistence.test_space(): OK
bakery_lint.tests.downstream.test_gpos_table_has_kerning_info.CheckGposTableHasKerningInfo.test_gpos_table_has_kerning_info(): FAIL
bakery_lint.tests.downstream.test_gasp_table_value.CheckGaspTableType.test_check_gasp_table_type(): OK
$ fontbakery-fix-gasp.py --set=15 /home/travis/build/fontdirectory/nothingyoucoulddo/builds/build/NothingYouCouldDo-TTF.ttf
$ mv /home/travis/build/fontdirectory/nothingyoucoulddo/builds/build/NothingYouCouldDo-TTF.ttf.fix /home/travis/build/fontdirectory/nothingyoucoulddo/builds/build/NothingYouCouldDo-TTF.ttf
bakery_lint.tests.downstream.test_check_fontname_matches_macstyle.CheckFontNameEqualToMacStyleFlags.test_fontname_is_equal_to_macstyle(): FAIL
bakery_lint.tests.downstream.test_check_font_agreements.CheckFsTypeIsNotSet.test_is_fstype_not_set(): OK
$ fontbakery-fix-fstype.py --autofix /home/travis/build/fontdirectory/nothingyoucoulddo/builds/build/NothingYouCouldDo-TTF.ttf
$ mv /home/travis/build/fontdirectory/nothingyoucoulddo/builds/build/NothingYouCouldDo-TTF.ttf.fix /home/travis/build/fontdirectory/nothingyoucoulddo/builds/build/NothingYouCouldDo-TTF.ttf
bakery_lint.tests.downstream.test_check_font_agreements.CheckFontAgreements.test_em_is_1000(): FAIL
bakery_lint.tests.downstream.test_check_font_agreements.CheckFontAgreements.test_font_is_font(): OK
bakery_lint.tests.downstream.test_check_font_agreements.CheckFontAgreements.test_latin_file_exists(): FAIL
bakery_lint.tests.downstream.test_check_font_agreements.CheckFontAgreements.test_menu_file_exists(): FAIL
bakery_lint.tests.downstream.test_check_nbsp_width_matches_sp_width.CheckNbspWidthMatchesSpWidth.test_check_nbsp_width_matches_sp_width(): FAIL
$ fontbakery-fix-nbsp.py /home/travis/build/fontdirectory/nothingyoucoulddo/builds/build/NothingYouCouldDo-TTF.ttf
$ mv /home/travis/build/fontdirectory/nothingyoucoulddo/builds/build/NothingYouCouldDo-TTF.ttf.fix /home/travis/build/fontdirectory/nothingyoucoulddo/builds/build/NothingYouCouldDo-TTF.ttf
bakery_lint.tests.downstream.test_check_nbsp_width_matches_sp_width.CheckNbspWidthMatchesSpWidth.test_check_nbsp_width_matches_sp_width(): FAIL
bakery_lint.tests.downstream.test_check_hmtx_hhea_max_advance_width_agreement.CheckHmtxHheaMaxAdvanceWidthAgreement.test_check_hmtx_hhea_max_advance_width_agreement(): OK
bakery_lint.tests.downstream.test_check_os2_width_class.CheckOS2WidthClass.test_check_os2_width_class(): OK
### Optimize TTF NothingYouCouldDo-TTF.ttf
$ ls -l 'NothingYouCouldDo-TTF.ttf'* # look at the size savings of that subset process
NothingYouCouldDo-TTF.ttf.opt: 29136 bytes
NothingYouCouldDo-TTF.ttf: 31872 bytes
$ mv /home/travis/build/fontdirectory/nothingyoucoulddo/builds/build/NothingYouCouldDo-TTF.ttf.opt /home/travis/build/fontdirectory/nothingyoucoulddo/builds/build/NothingYouCouldDo-TTF.ttf
### Autohint TTFs (ttfautohint) NothingYouCouldDo-TTF.ttf
$ ttfautohint -l 7 -r 28 -G 50 -x 13 -w "G" /home/travis/build/fontdirectory/nothingyoucoulddo/builds/build/NothingYouCouldDo-TTF.ttf '/home/travis/build/fontdirectory/nothingyoucoulddo/builds/build/NothingYouCouldDo-TTF.autohint.ttf'

$ ls -l /home/travis/build/fontdirectory/nothingyoucoulddo/builds/build/NothingYouCouldDo-TTF.*ttf # look at the size savings of that subset process
/home/travis/build/fontdirectory/nothingyoucoulddo/builds/build/NothingYouCouldDo-TTF.ttf: 29136 bytes
/home/travis/build/fontdirectory/nothingyoucoulddo/builds/build/NothingYouCouldDo-TTF.autohint.ttf: 38688 bytes
$ mv /home/travis/build/fontdirectory/nothingyoucoulddo/builds/build/NothingYouCouldDo-TTF.autohint.ttf /home/travis/build/fontdirectory/nothingyoucoulddo/builds/build/NothingYouCouldDo-TTF.ttf
### Subset TTFs (pyftsubset) NothingYouCouldDo-TTF.ttf
$ pyftsubset NothingYouCouldDo-TTF.latin
$ pyftsubset NothingYouCouldDo-TTF.menu
strippedname:/home/travis/build/fontdirectory/nothingyoucoulddo/builds/build/NothingYouCouldDo-TTF.ttf
spaceWidth is    538
nbspWidth is     538
Nothing to do
### (5 of 6) Generate METADATA.json (fontbakery-build-metadata.py)
$ fontbakery-build-metadata.py /home/travis/build/fontdirectory/nothingyoucoulddo/builds/build
{} exists
Designer's name from font is: Kimberly Geswein
Original size: 46484\nGzip size: 26079
Family Name: Nothing You Could Do
PS Name: NothingYouCouldDo
Full Name: Nothing You Could Do
Style: normal
Weight: 400
Filename: NothingYouCouldDo-TTF.ttf
Copyright: Copyright (c) 2010, Kimberly Geswein (kimberlygeswein.com). This Font Software is licensed under the SIL Open Font License, Version 1.1.  This license available with a FAQ at:  http://scripts.sil.org/OFL
Family Name: Nothing You Could Do
PS Name: NothingYouCouldDo
Full Name: NothingYouCouldDo
Style: normal
Weight: 400
Filename: NothingYouCouldDo-Regular.ttf
Copyright: Copyright (c) 2010, Kimberly Geswein (kimberlygeswein.com). This Font Software is licensed under the SIL Open Font License, Version 1.1.  This license available with a FAQ at:  http://scripts.sil.org/OFL
### (6 of 6) Run tests for METADATA.json
$ fontbakery-check.py metadata METADATA.json
bakery_lint.tests.metadata_test.MetadataSubsetsListTest.test_charset_latin(): FAIL
bakery_lint.tests.metadata_test.MetadataSubsetsListTest.test_charset_menu(): FAIL
bakery_lint.tests.metadata_test.MetadataTest.test_description_is_more_than_500b(): FAIL
bakery_lint.tests.metadata_test.MetadataTest.test_description_is_valid_html(): FAIL
bakery_lint.tests.metadata_test.MetadataTest.test_does_not_familyName_exist_in_daltonmaag_catalogue(): FAIL
bakery_lint.tests.metadata_test.MetadataTest.test_does_not_familyName_exist_in_fontbureau_catalogue(): OK
bakery_lint.tests.metadata_test.MetadataTest.test_does_not_familyName_exist_in_fontscom_catalogue(): OK
bakery_lint.tests.metadata_test.MetadataTest.test_does_not_familyName_exist_in_fontshop_catalogue(): FAIL
bakery_lint.tests.metadata_test.MetadataTest.test_does_not_familyName_exist_in_fontsmith_catalogue(): FAIL
bakery_lint.tests.metadata_test.MetadataTest.test_does_not_familyName_exist_in_houseind_catalogue(): OK
bakery_lint.tests.metadata_test.MetadataTest.test_does_not_familyName_exist_in_myfonts_catalogue(): FAIL
bakery_lint.tests.metadata_test.MetadataTest.test_does_not_familyName_exist_in_veer_catalogue(): OK
bakery_lint.tests.metadata_test.MetadataTest.test_family_is_listed_in_gwf(): OK
bakery_lint.tests.metadata_test.MetadataTest.test_metadata_atleast_latin_menu_subsets_exist(): OK
/home/travis/virtualenv/python2.7.8/lib/python2.7/site-packages/bakery_lint/tests/metadata_test.py:141: UnicodeWarning: Unicode equal comparison failed to convert both arguments to Unicode - interpreting them as being unequal
  self.assertTrue(designer in designers,
bakery_lint.tests.metadata_test.MetadataTest.test_metadata_designer_exists_in_profiles_csv(): OK
bakery_lint.tests.metadata_test.MetadataTest.test_metadata_fonts_items_dicts(): OK
bakery_lint.tests.metadata_test.MetadataTest.test_metadata_fonts_key_list(): OK
bakery_lint.tests.metadata_test.MetadataTest.test_metadata_fonts_no_dupes(): OK
bakery_lint.tests.metadata_test.MetadataTest.test_metadata_has_unique_style_weight_pairs(): OK
bakery_lint.tests.metadata_test.MetadataTest.test_metadata_keys(): OK
bakery_lint.tests.metadata_test.MetadataTest.test_metadata_license(): OK
bakery_lint.tests.metadata_test.MetadataTest.test_metadata_no_unknown_top_keys(): OK
bakery_lint.tests.metadata_test.MetadataTest.test_metadata_subsets_key_list(): OK
bakery_lint.tests.metadata_test.MetadataTest.test_metadata_top_keys_types(): OK
bakery_lint.tests.downstream.test_check_metadata_fields.CheckMetadataFields.test_check_metadata_fields(): OK
bakery_lint.tests.downstream.test_check_canonical_filenames.CheckCanonicalFilenames.test_check_canonical_filenames(): FAIL
bakery_lint.tests.downstream.test_check_text_files_exist.CheckTextFilesExist.test_copyrighttxt_exists(): FAIL
bakery_lint.tests.downstream.test_check_text_files_exist.CheckTextFilesExist.test_description_exists(): OK
bakery_lint.tests.downstream.test_check_text_files_exist.CheckTextFilesExist.test_fontlogtxt_exists(): FAIL
bakery_lint.tests.downstream.test_check_text_files_exist.CheckTextFilesExist.test_licensetxt_exists(): FAIL
bakery_lint.tests.downstream.test_check_canonical_styles.CheckCanonicalStyles.test_check_canonical_styles(): ERROR
bakery_lint.tests.downstream.test_check_canonical_weights.CheckCanonicalWeights.test_check_canonical_weights(): ERROR
bakery_lint.tests.downstream.test_check_canonical_weights.CheckPostScriptNameMatchesWeight.test_postscriptname_contains_correct_weight(): FAIL
bakery_lint.tests.downstream.test_check_canonical_weights.CheckFontWeightSameAsInMetadata.test_font_weight_same_as_in_metadata(): ERROR
bakery_lint.tests.downstream.test_check_canonical_weights.CheckFullNameEqualCanonicalName.test_metadata_contains_current_font(): ERROR
bakery_lint.tests.downstream.test_check_subsets_exists.CheckSubsetsExist.test_check_subsets_exists(): FAIL
bakery_lint.tests.downstream.test_check_monospace_agreements.CheckMonospaceAgreement.test_check_monospace_agreement(): OK
bakery_lint.tests.downstream.test_check_familyname_matches_fontnames.CheckFamilyNameMatchesFontNames.test_check_familyname_matches_fontnames(): OK
bakery_lint.tests.downstream.test_check_menu_contains_proper_glyphs.CheckMenuSubsetContainsProperGlyphs.test_check_menu_contains_proper_glyphs(): ERROR
bakery_lint.tests.downstream.test_check_glyph_consistency.CheckGlyphConsistencyInFamily.test_the_same_encodings_of_glyphs_across_family(): ERROR
bakery_lint.tests.downstream.test_check_glyph_consistency.CheckGlyphConsistencyInFamily.test_the_same_names_of_glyphs_across_family(): ERROR
bakery_lint.tests.downstream.test_check_glyph_consistency.CheckGlyphConsistencyInFamily.test_the_same_number_of_glyphs_across_family(): ERROR
bakery_lint.tests.downstream.test_check_metadata_style_matches_names.CheckItalicStyleMatchesMacStyle.test_check_italic_style_matches_names(): OK
bakery_lint.tests.downstream.test_check_metadata_style_matches_names.CheckNormalStyleMatchesMacStyle.test_check_normal_style_matches_names(): ERROR
bakery_lint.tests.downstream.test_metadata_font_copyright.CheckMetadataContainsReservedFontName.test_copyright_contains_correct_rfn(): FAIL
bakery_lint.tests.downstream.test_metadata_font_copyright.CheckMetadataContainsReservedFontName.test_copyright_is_consistent_across_family(): OK
bakery_lint.tests.downstream.test_metadata_font_copyright.CheckMetadataContainsReservedFontName.test_copyright_matches_pattern(): OK
bakery_lint.tests.downstream.test_metadata_font_copyright.CheckMetadataContainsReservedFontName.test_metadata_copyright_size(): OK
bakery_lint.tests.downstream.test_check_files_menu_agreements.CheckFontsMenuAgreements.test_menu_file_agreement(): FAIL
bakery_lint.tests.downstream.test_check_metadata_matches_nametable.CheckMetadataMatchesNameTable.test_check_metadata_matches_nametable(): ERROR
bakery_lint.tests.downstream.test_check_font_name_not_in_camelcase.CheckFontNameNotInCamelCase.test_fontname_not_in_camel_case(): OK
bakery_lint.tests.downstream.test_metadata_agreements.TestFontOnDiskFamilyEqualToMetadataJSON.test_font_on_disk_family_equal_in_metadata_json(): OK
bakery_lint.tests.downstream.test_metadata_agreements.TestPostScriptNameInMetadataEqualFontOnDisk.test_postscriptname_in_metadata_equal_to_font_on_disk(): OK
bakery_lint.tests.downstream.test_metadata_agreements.CheckMetadataAgreements.test_font_name_matches_family(): ERROR
bakery_lint.tests.downstream.test_metadata_agreements.CheckMetadataAgreements.test_metadata_family_values_are_all_the_same(): OK
bakery_lint.tests.downstream.test_metadata_agreements.CheckMetadataAgreements.test_metadata_filename_matches_postscriptname(): OK
bakery_lint.tests.downstream.test_metadata_agreements.CheckMetadataAgreements.test_metadata_font_have_regular(): OK
bakery_lint.tests.downstream.test_metadata_agreements.CheckMetadataAgreements.test_metadata_fonts_fields_have_fontname(): ERROR
bakery_lint.tests.downstream.test_metadata_agreements.CheckMetadataAgreements.test_metadata_fullname_is_equal_to_internal_font_fullname(): ERROR
bakery_lint.tests.downstream.test_metadata_agreements.CheckMetadataAgreements.test_metadata_fullname_matches_postScriptName(): OK
bakery_lint.tests.downstream.test_metadata_agreements.CheckMetadataAgreements.test_metadata_regular_is_400(): FAIL
bakery_lint.tests.downstream.test_metadata_agreements.CheckMetadataAgreements.test_metadata_regular_is_normal(): FAIL
{
  "name": "Nothing You Could Do", 
  "designer": "Kimberly Geswein", 
  "license": "OFL", 
  "visibility": "External", 
  "category": "Handwriting", 
  "size": 22002, 
  "fonts": [
    {
      "name": "Nothing You Could Do", 
      "postScriptName": "NothingYouCouldDo", 
      "fullName": "Nothing You Could Do", 
      "style": "normal", 
      "weight": 400, 
      "filename": "NothingYouCouldDo-TTF.ttf", 
      "copyright": "Copyright (c) 2010, Kimberly Geswein (kimberlygeswein.com). This Font Software is licensed under the SIL Open Font License, Version 1.1.  This license available with a FAQ at:  http://scripts.sil.org/OFL"
    }, 
    {
      "name": "Nothing You Could Do", 
      "postScriptName": "NothingYouCouldDo", 
      "fullName": "NothingYouCouldDo", 
      "style": "normal", 
      "weight": 400, 
      "filename": "NothingYouCouldDo-Regular.ttf", 
      "copyright": "Copyright (c) 2010, Kimberly Geswein (kimberlygeswein.com). This Font Software is licensed under the SIL Open Font License, Version 1.1.  This license available with a FAQ at:  http://scripts.sil.org/OFL"
    }
  ], 
  "subsets": [
    "latin", 
    "menu"
  ], 
  "dateAdded": "2011-05-11"
}
